.
----------------------------------------------------------------------
Ran 1 test in 0.000s

OK
Hello from test
